2026-07-27 22:46:46,852 - sflow.task.frontend_server_1 - INFO - 0: rm: cannot remove '/usr/local/cuda/compat/lib': Read-only file system
2026-07-27 22:46:46,903 - sflow.task.frontend_server_1 - INFO - 0: Written: /home/alisachen_google_com/nv-mlpinf-partner-v6.1.3-rerun/closed/NVIDIA/sflow_output_centml_v2_v6_1_3_interactive_qps61_accuracy_20260727T223102Z/170713-trtllm_disagg-20260727-223235-c1160a/frontend_server_1/server_config_1.yaml
2026-07-27 22:46:46,903 - sflow.task.frontend_server_1 - INFO - 0: hostname: 10.128.0.111
2026-07-27 22:46:46,903 - sflow.task.frontend_server_1 - INFO - 0: port: 8001
2026-07-27 22:46:46,903 - sflow.task.frontend_server_1 - INFO - 0: backend: pytorch
2026-07-27 22:46:46,903 - sflow.task.frontend_server_1 - INFO - 0: context_servers:
2026-07-27 22:46:46,903 - sflow.task.frontend_server_1 - INFO - 0:   num_instances: 2
2026-07-27 22:46:46,903 - sflow.task.frontend_server_1 - INFO - 0:   urls:
2026-07-27 22:46:46,903 - sflow.task.frontend_server_1 - INFO - 0:   - 10.128.0.106:8336
2026-07-27 22:46:46,903 - sflow.task.frontend_server_1 - INFO - 0:   - 10.128.0.111:8337
2026-07-27 22:46:46,903 - sflow.task.frontend_server_1 - INFO - 0: generation_servers:
2026-07-27 22:46:46,903 - sflow.task.frontend_server_1 - INFO - 0:   num_instances: 4
2026-07-27 22:46:46,903 - sflow.task.frontend_server_1 - INFO - 0:   urls:
2026-07-27 22:46:46,903 - sflow.task.frontend_server_1 - INFO - 0:   - 10.128.0.38:8339
2026-07-27 22:46:46,903 - sflow.task.frontend_server_1 - INFO - 0:   - 10.128.0.42:8340
2026-07-27 22:46:46,903 - sflow.task.frontend_server_1 - INFO - 0:   - 10.128.0.35:8338
2026-07-27 22:46:46,903 - sflow.task.frontend_server_1 - INFO - 0:   - 10.128.0.99:8341
2026-07-27 22:46:46,903 - sflow.task.frontend_server_1 - INFO - 0:
2026-07-27 22:46:47,006 - sflow.task.frontend_server_1 - INFO - 0: Registered URL: 10.128.0.111:8001 → /home/alisachen_google_com/nv-mlpinf-partner-v6.1.3-rerun/closed/NVIDIA/sflow_output_centml_v2_v6_1_3_interactive_qps61_accuracy_20260727T223102Z/170713-trtllm_disagg-20260727-223235-c1160a/frontend_urls.txt
2026-07-27 22:46:52,840 - sflow.task.frontend_server_1 - INFO - 0: W0727 22:46:52.829000 266365 torch/utils/cpp_extension.py:119] No CUDA runtime is found, using CUDA_HOME='/usr/local/cuda'
2026-07-27 22:46:54,514 - sflow.task.frontend_server_1 - INFO - 0: /usr/local/lib/python3.12/dist-packages/torch/library.py:356: UserWarning: Warning only once for all operators,  other operators may also be overridden.
2026-07-27 22:46:54,514 - sflow.task.frontend_server_1 - INFO - 0:   Overriding a previously registered kernel for the same operator and the same dispatch key
2026-07-27 22:46:54,514 - sflow.task.frontend_server_1 - INFO - 0:   operator: flash_attn::_flash_attn_backward(Tensor dout, Tensor q, Tensor k, Tensor v, Tensor out, Tensor softmax_lse, Tensor(a6!)? dq, Tensor(a7!)? dk, Tensor(a8!)? dv, float dropout_p, float softmax_scale, bool causal, SymInt window_size_left, SymInt window_size_right, float softcap, Tensor? alibi_slopes, bool deterministic, Tensor? rng_state=None) -> Tensor
2026-07-27 22:46:54,514 - sflow.task.frontend_server_1 - INFO - 0:     registered at /usr/local/lib/python3.12/dist-packages/torch/_library/custom_ops.py:922
2026-07-27 22:46:54,514 - sflow.task.frontend_server_1 - INFO - 0:   dispatch key: ADInplaceOrView
2026-07-27 22:46:54,514 - sflow.task.frontend_server_1 - INFO - 0:   previous kernel: no debug info
2026-07-27 22:46:54,514 - sflow.task.frontend_server_1 - INFO - 0:        new kernel: registered at /usr/local/lib/python3.12/dist-packages/torch/_library/custom_ops.py:922 (Triggered internally at /opt/pytorch/pytorch/aten/src/ATen/core/dispatch/OperatorEntry.cpp:208.)
2026-07-27 22:46:54,514 - sflow.task.frontend_server_1 - INFO - 0:   self.m.impl(
2026-07-27 22:46:54,718 - sflow.task.frontend_server_1 - INFO - 0: /usr/local/lib/python3.12/dist-packages/modelopt/torch/__init__.py:36: UserWarning: transformers version 4.57.1 is incompatible with nvidia-modelopt and may cause issues. Please install recommended version with `pip install nvidia-modelopt[hf]` if working with HF models.
2026-07-27 22:46:54,718 - sflow.task.frontend_server_1 - INFO - 0:   _warnings.warn(
2026-07-27 22:46:55,174 - sflow.task.frontend_server_1 - INFO - 0: Traceback (most recent call last):
2026-07-27 22:46:55,174 - sflow.task.frontend_server_1 - INFO - 0:   File "/usr/local/lib/python3.12/dist-packages/tensorrt_llm/_torch/attention_backend/flashinfer.py", line 20, in <module>
2026-07-27 22:46:55,174 - sflow.task.frontend_server_1 - INFO - 0:     check_cuda_arch()
2026-07-27 22:46:55,174 - sflow.task.frontend_server_1 - INFO - 0:   File "/usr/local/lib/python3.12/dist-packages/flashinfer/jit/core.py", line 61, in check_cuda_arch
2026-07-27 22:46:55,174 - sflow.task.frontend_server_1 - INFO - 0:     raise RuntimeError("FlashInfer requires GPUs with sm75 or higher")
2026-07-27 22:46:55,174 - sflow.task.frontend_server_1 - INFO - 0: RuntimeError: FlashInfer requires GPUs with sm75 or higher
2026-07-27 22:46:55,174 - sflow.task.frontend_server_1 - INFO - 0:
2026-07-27 22:46:55,174 - sflow.task.frontend_server_1 - INFO - 0: During handling of the above exception, another exception occurred:
2026-07-27 22:46:55,174 - sflow.task.frontend_server_1 - INFO - 0:
2026-07-27 22:46:55,174 - sflow.task.frontend_server_1 - INFO - 0: Traceback (most recent call last):
2026-07-27 22:46:55,174 - sflow.task.frontend_server_1 - INFO - 0:   File "/usr/local/bin/trtllm-serve", line 3, in <module>
2026-07-27 22:46:55,174 - sflow.task.frontend_server_1 - INFO - 0:     from tensorrt_llm.commands.serve import main
2026-07-27 22:46:55,174 - sflow.task.frontend_server_1 - INFO - 0:   File "/usr/local/lib/python3.12/dist-packages/tensorrt_llm/__init__.py", line 70, in <module>
2026-07-27 22:46:55,174 - sflow.task.frontend_server_1 - INFO - 0:     import tensorrt_llm._torch.models as torch_models
2026-07-27 22:46:55,174 - sflow.task.frontend_server_1 - INFO - 0:   File "/usr/local/lib/python3.12/dist-packages/tensorrt_llm/_torch/models/__init__.py", line 3, in <module>
2026-07-27 22:46:55,174 - sflow.task.frontend_server_1 - INFO - 0:     from .modeling_auto import AutoModelForCausalLM
2026-07-27 22:46:55,174 - sflow.task.frontend_server_1 - INFO - 0:   File "/usr/local/lib/python3.12/dist-packages/tensorrt_llm/_torch/models/modeling_auto.py", line 5, in <module>
2026-07-27 22:46:55,174 - sflow.task.frontend_server_1 - INFO - 0:     from .modeling_utils import (MODEL_CLASS_MAPPING,
2026-07-27 22:46:55,174 - sflow.task.frontend_server_1 - INFO - 0:   File "/usr/local/lib/python3.12/dist-packages/tensorrt_llm/_torch/models/modeling_utils.py", line 21, in <module>
2026-07-27 22:46:55,174 - sflow.task.frontend_server_1 - INFO - 0:     from ..attention_backend import AttentionMetadata
2026-07-27 22:46:55,174 - sflow.task.frontend_server_1 - INFO - 0:   File "/usr/local/lib/python3.12/dist-packages/tensorrt_llm/_torch/attention_backend/__init__.py", line 19, in <module>
2026-07-27 22:46:55,174 - sflow.task.frontend_server_1 - INFO - 0:     from .flashinfer import FlashInferAttention, FlashInferAttentionMetadata
2026-07-27 22:46:55,174 - sflow.task.frontend_server_1 - INFO - 0:   File "/usr/local/lib/python3.12/dist-packages/tensorrt_llm/_torch/attention_backend/flashinfer.py", line 24, in <module>
2026-07-27 22:46:55,174 - sflow.task.frontend_server_1 - INFO - 0:     capability = torch.cuda.get_device_capability()
2026-07-27 22:46:55,174 - sflow.task.frontend_server_1 - INFO - 0:                  ^^^^^^^^^^^^^^^^^^^^^^^^^^^^^^^^^^
2026-07-27 22:46:55,174 - sflow.task.frontend_server_1 - INFO - 0:   File "/usr/local/lib/python3.12/dist-packages/torch/cuda/__init__.py", line 615, in get_device_capability
2026-07-27 22:46:55,174 - sflow.task.frontend_server_1 - INFO - 0:     prop = get_device_properties(device)
2026-07-27 22:46:55,174 - sflow.task.frontend_server_1 - INFO - 0:            ^^^^^^^^^^^^^^^^^^^^^^^^^^^^^
2026-07-27 22:46:55,174 - sflow.task.frontend_server_1 - INFO - 0:   File "/usr/local/lib/python3.12/dist-packages/torch/cuda/__init__.py", line 632, in get_device_properties
2026-07-27 22:46:55,174 - sflow.task.frontend_server_1 - INFO - 0:     _lazy_init()  # will define _get_device_properties
2026-07-27 22:46:55,174 - sflow.task.frontend_server_1 - INFO - 0:     ^^^^^^^^^^^^
2026-07-27 22:46:55,174 - sflow.task.frontend_server_1 - INFO - 0:   File "/usr/local/lib/python3.12/dist-packages/torch/cuda/__init__.py", line 424, in _lazy_init
2026-07-27 22:46:55,174 - sflow.task.frontend_server_1 - INFO - 0:     torch._C._cuda_init()
2026-07-27 22:46:55,174 - sflow.task.frontend_server_1 - INFO - 0: RuntimeError: No CUDA GPUs are available
2026-07-27 22:47:04,292 - sflow.task.frontend_server_1 - INFO - srun: error: a4xlustref-a4xnodeset3-1: task 0: Exited with exit code 1
